// Jest Snapshot v1, https://goo.gl/fbAQLP

exports[`Stack validation should have a correct stack configuration 1`] = `
Object {
  "Outputs": Object {
    "UserpoolClientId": Object {
      "Value": Object {
        "Ref": "mttraderspoolclient2D2D912D",
      },
    },
    "UserpoolId": Object {
      "Value": Object {
        "Ref": "mttraderspool7C3F78E0",
      },
    },
  },
  "Resources": Object {
    "mtfacebookloginDA10E1C5": Object {
      "Properties": Object {
        "AttributeMapping": Object {
          "email": "email",
          "family_name": "last_name",
          "given_name": "first_name",
          "nickname": "name",
        },
        "ProviderDetails": Object {
          "authorize_scopes": "public_profile",
          "client_id": "799753421023660",
          "client_secret": "345a86ddc368367628e97af71ccba672",
        },
        "ProviderName": "Facebook",
        "ProviderType": "Facebook",
        "UserPoolId": Object {
          "Ref": "mttraderspool7C3F78E0",
        },
      },
      "Type": "AWS::Cognito::UserPoolIdentityProvider",
    },
    "mtgoogleloginC7136A5C": Object {
      "Properties": Object {
        "AttributeMapping": Object {
          "email": "email",
          "family_name": "family_name",
          "given_name": "given_name",
          "nickname": "name",
        },
        "ProviderDetails": Object {
          "authorize_scopes": "profile",
          "client_id": "4260226210-mhu69h406g1l7m55m96umsqcl7l4t08g.apps.googleusercontent.com",
          "client_secret": "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",
        },
        "ProviderName": "Google",
        "ProviderType": "Google",
        "UserPoolId": Object {
          "Ref": "mttraderspool7C3F78E0",
        },
      },
      "Type": "AWS::Cognito::UserPoolIdentityProvider",
    },
    "mttraderspool7C3F78E0": Object {
      "DeletionPolicy": "Retain",
      "Properties": Object {
        "AccountRecoverySetting": Object {
          "RecoveryMechanisms": Array [
            Object {
              "Name": "verified_email",
              "Priority": 1,
            },
          ],
        },
        "AdminCreateUserConfig": Object {
          "AllowAdminCreateUserOnly": false,
          "InviteMessageTemplate": Object {
            "EmailMessage": "Dear {username},
  Thank you for signing up at www.mytradables.com!
  
  You can login to your account using:
  Username: {username}
  Password: {####}
  
  Cheers!,
  
  www.mytradables.com",
            "EmailSubject": "Congratulations with your MyTradables account!",
          },
        },
        "AliasAttributes": Array [
          "email",
        ],
        "AutoVerifiedAttributes": Array [
          "email",
        ],
        "EmailVerificationMessage": "The verification code to your new account is {####}",
        "EmailVerificationSubject": "Verify your new myTradables account!",
        "Policies": Object {
          "PasswordPolicy": Object {
            "MinimumLength": 12,
            "RequireLowercase": true,
            "RequireNumbers": true,
            "RequireSymbols": true,
            "RequireUppercase": true,
            "TemporaryPasswordValidityDays": 3,
          },
        },
        "Schema": Array [
          Object {
            "Mutable": true,
            "Name": "email",
            "Required": true,
          },
          Object {
            "Mutable": true,
            "Name": "nickname",
            "Required": true,
          },
          Object {
            "Mutable": true,
            "Name": "name",
            "Required": false,
          },
          Object {
            "Mutable": true,
            "Name": "address",
            "Required": false,
          },
          Object {
            "Mutable": true,
            "Name": "picture",
            "Required": false,
          },
        ],
        "SmsVerificationMessage": "The verification code to your new account is {####}",
        "UserPoolName": "mt-traders-pool",
        "VerificationMessageTemplate": Object {
          "DefaultEmailOption": "CONFIRM_WITH_CODE",
          "EmailMessage": "The verification code to your new account is {####}",
          "EmailSubject": "Verify your new myTradables account!",
          "SmsMessage": "The verification code to your new account is {####}",
        },
      },
      "Type": "AWS::Cognito::UserPool",
      "UpdateReplacePolicy": "Retain",
    },
    "mttraderspoolclient2D2D912D": Object {
      "DependsOn": Array [
        "mtfacebookloginDA10E1C5",
        "mtgoogleloginC7136A5C",
      ],
      "Properties": Object {
        "AccessTokenValidity": 120,
        "AllowedOAuthFlows": Array [
          "code",
        ],
        "AllowedOAuthFlowsUserPoolClient": true,
        "AllowedOAuthScopes": Array [
          "profile",
          "phone",
          "email",
          "openid",
          "aws.cognito.signin.user.admin",
        ],
        "CallbackURLs": Array [
          "https://localhost:3000",
          "https://localhost:3000",
        ],
        "ClientName": "mt-traders-pool-client",
        "IdTokenValidity": 120,
        "SupportedIdentityProviders": Array [
          "Google",
          "Facebook",
          "COGNITO",
        ],
        "TokenValidityUnits": Object {
          "AccessToken": "minutes",
          "IdToken": "minutes",
        },
        "UserPoolId": Object {
          "Ref": "mttraderspool7C3F78E0",
        },
      },
      "Type": "AWS::Cognito::UserPoolClient",
    },
    "mttraderspoolmtDomainPrefix822D3FA5": Object {
      "Properties": Object {
        "Domain": "mytradables",
        "UserPoolId": Object {
          "Ref": "mttraderspool7C3F78E0",
        },
      },
      "Type": "AWS::Cognito::UserPoolDomain",
    },
  },
}
`;
